5 s t a r t  a 0 1 2  b 1 2 3   e n d  s t a r t  b 1 2 3  c 2 3 4   e n d  s t a r t  c 2 3 4  d 3 4 5   e n d  s t a r t  d 3 4 5  e 4 5 6   e n d  s t a r t  e 4 5 6  f 5 6 7   e n d  35353.535
